I'm sorry, but errors were detected in your script. Please correct the
errors listed below, and try again.


File "game/script.rpy", line 501: end of line expected.
    show shelldon normal at true center
                                 ^

Ren'Py Version: Ren'Py 8.2.1.24030407
Sun Apr 21 09:02:16 2024
